// Jest Snapshot v1, https://goo.gl/fbAQLP

exports[`component list  test 1 1`] = `null`;

exports[`component list  test 2 1`] = `null`;
